../Core/Src/main.c:122:10:radianes_a_valor	16	static
../Core/Src/main.c:136:10:milimetros_a_pasos	24	static
../Core/Src/main.c:142:6:PID_Init	32	static
../Core/Src/main.c:152:7:clamp	24	static
../Core/Src/main.c:162:7:PID_Update	48	static
../Core/Src/main.c:317:5:main	96	static
../Core/Src/main.c:508:6:SystemClock_Config	120	static
../Core/Src/main.c:564:6:PeriphCommonClock_Config	192	static
../Core/Src/main.c:591:13:MX_ADC1_Init	56	static
../Core/Src/main.c:659:13:MX_ADC2_Init	48	static
../Core/Src/main.c:718:13:MX_TIM2_Init	48	static
../Core/Src/main.c:771:13:MX_USART1_UART_Init	8	static
../Core/Src/main.c:819:13:MX_USART3_UART_Init	8	static
../Core/Src/main.c:865:13:MX_DMA_Init	16	static
../Core/Src/main.c:886:13:MX_GPIO_Init	56	static
../Core/Src/main.c:967:6:HAL_GPIO_EXTI_Callback	16	static
../Core/Src/main.c:1025:6:HAL_UART_RxCpltCallback	16	static
../Core/Src/main.c:1068:6:processBuffer	32	static
../Core/Src/main.c:1129:6:transmitirFlotante	48	static
../Core/Src/main.c:1139:6:A4988_q1	8	static
../Core/Src/main.c:1146:6:A4988_q2	8	static
../Core/Src/main.c:1153:6:A4988_q3	8	static
../Core/Src/main.c:1160:6:Home	16	static
../Core/Src/main.c:1168:6:Home_q2	16	static
../Core/Src/main.c:1195:6:Home_q3	16	static
../Core/Src/main.c:1221:6:mover_motorq1_rad	40	static
../Core/Src/main.c:1259:6:mover_motorq2_mm	32	static
../Core/Src/main.c:1307:6:mover_motorq3_mm	40	static
../Core/Src/main.c:1351:6:float_to_string	48	static
../Core/Src/main.c:1371:6:cinematica_inversa	56	static
../Core/Src/main.c:1382:6:cinematica_directa	56	static
../Core/Src/main.c:1405:6:ControlarMotor	96	static
../Core/Src/main.c:1427:6:Error_Handler	4	static,ignoring_inline_asm
