../Core/Src/main.c:219:5:is_zero	16	static
../Core/Src/main.c:235:6:PID_Init	32	static
../Core/Src/main.c:245:7:clamp	24	static
../Core/Src/main.c:258:7:PID_Update	104	static
../Core/Src/main.c:303:10:radianes_a_valor	16	static
../Core/Src/main.c:317:10:milimetros_a_pasos	24	static
../Core/Src/main.c:363:5:main	152	static
../Core/Src/main.c:627:6:SystemClock_Config	120	static
../Core/Src/main.c:685:13:MX_TIM2_Init	48	static
../Core/Src/main.c:737:13:MX_USART1_UART_Init	8	static
../Core/Src/main.c:785:13:MX_USART3_UART_Init	8	static
../Core/Src/main.c:835:13:MX_GPIO_Init	56	static
../Core/Src/main.c:917:6:MPU_Config	24	static
../Core/Src/main.c:945:6:HAL_GPIO_EXTI_Callback	16	static
../Core/Src/main.c:969:6:float_to_string	48	static
../Core/Src/main.c:989:6:cinematica_inversa	56	static
../Core/Src/main.c:1000:6:cinematica_directa	56	static
../Core/Src/main.c:1016:6:ControlarMotor	88	static
../Core/Src/main.c:1028:6:HAL_UART_RxCpltCallback	16	static
../Core/Src/main.c:1073:6:processBuffer	32	static
../Core/Src/main.c:1129:6:A4988_q1	8	static
../Core/Src/main.c:1136:6:A4988_q2	8	static
../Core/Src/main.c:1143:6:A4988_q3	8	static
../Core/Src/main.c:1150:6:Home	16	static
../Core/Src/main.c:1157:6:Home_q2	16	static
../Core/Src/main.c:1182:6:Home_q3	16	static
../Core/Src/main.c:1206:6:mover_motorq1_rad	40	static
../Core/Src/main.c:1244:6:mover_motorq2_mm	32	static
../Core/Src/main.c:1280:6:mover_motorq3_mm	40	static
../Core/Src/main.c:1327:6:Error_Handler	4	static,ignoring_inline_asm
