../Core/Src/main.c:101:10:radianes_a_valor	16	static
../Core/Src/main.c:115:10:milimetros_a_pasos	24	static
../Core/Src/main.c:182:5:main	16	static
../Core/Src/main.c:271:6:SystemClock_Config	120	static
../Core/Src/main.c:327:6:PeriphCommonClock_Config	192	static
../Core/Src/main.c:354:13:MX_ADC1_Init	56	static
../Core/Src/main.c:422:13:MX_ADC2_Init	48	static
../Core/Src/main.c:481:13:MX_TIM2_Init	48	static
../Core/Src/main.c:534:13:MX_TIM6_Init	24	static
../Core/Src/main.c:572:13:MX_USART1_UART_Init	8	static
../Core/Src/main.c:620:13:MX_USART3_UART_Init	8	static
../Core/Src/main.c:666:13:MX_DMA_Init	16	static
../Core/Src/main.c:687:13:MX_GPIO_Init	56	static
../Core/Src/main.c:768:6:HAL_GPIO_EXTI_Callback	16	static
../Core/Src/main.c:794:6:HAL_TIM_PeriodElapsedCallback	24	static
../Core/Src/main.c:824:6:HAL_UART_RxCpltCallback	16	static
../Core/Src/main.c:866:6:processBuffer	32	static
../Core/Src/main.c:927:6:A4988_q1	8	static
../Core/Src/main.c:934:6:A4988_q2	8	static
../Core/Src/main.c:941:6:A4988_q3	8	static
../Core/Src/main.c:948:6:Home	16	static
../Core/Src/main.c:955:6:Home_q2	16	static
../Core/Src/main.c:980:6:Home_q3	16	static
../Core/Src/main.c:1004:6:mover_motorq1_rad	40	static
../Core/Src/main.c:1042:6:mover_motorq2_mm	32	static
../Core/Src/main.c:1078:6:mover_motorq3_mm	40	static
../Core/Src/main.c:1122:6:Error_Handler	4	static,ignoring_inline_asm
