../Core/Src/main.c:94:10:radianes_a_valor	16	static
../Core/Src/main.c:109:10:milimetros_a_pasos	24	static
../Core/Src/main.c:162:5:main	16	static
../Core/Src/main.c:229:6:SystemClock_Config	120	static
../Core/Src/main.c:280:13:MX_TIM2_Init	48	static
../Core/Src/main.c:333:13:MX_USART1_UART_Init	8	static
../Core/Src/main.c:381:13:MX_USART3_UART_Init	8	static
../Core/Src/main.c:429:13:MX_GPIO_Init	56	static
../Core/Src/main.c:510:6:HAL_GPIO_EXTI_Callback	16	static
../Core/Src/main.c:525:6:HAL_UART_RxCpltCallback	16	static
../Core/Src/main.c:561:6:processBuffer	32	static
../Core/Src/main.c:620:6:A4988_q1	8	static
../Core/Src/main.c:627:6:A4988_q2	8	static
../Core/Src/main.c:634:6:A4988_q3	8	static
../Core/Src/main.c:641:6:Home	16	static
../Core/Src/main.c:648:6:Home_q2	16	static
../Core/Src/main.c:673:6:Home_q3	16	static
../Core/Src/main.c:697:6:mover_motorq1_rad	40	static
../Core/Src/main.c:730:6:mover_motorq2_mm	32	static
../Core/Src/main.c:764:6:mover_motorq3_mm	40	static
../Core/Src/main.c:808:6:Error_Handler	4	static,ignoring_inline_asm
