../Core/Src/main.c:94:10:radianes_a_valor	16	static
../Core/Src/main.c:108:10:milimetros_a_pasos	24	static
../Core/Src/main.c:161:5:main	16	static
../Core/Src/main.c:235:6:SystemClock_Config	120	static
../Core/Src/main.c:286:13:MX_TIM2_Init	48	static
../Core/Src/main.c:339:13:MX_USART1_UART_Init	8	static
../Core/Src/main.c:387:13:MX_USART3_UART_Init	8	static
../Core/Src/main.c:435:13:MX_GPIO_Init	56	static
../Core/Src/main.c:516:6:HAL_GPIO_EXTI_Callback	16	static
../Core/Src/main.c:538:6:HAL_UART_RxCpltCallback	16	static
../Core/Src/main.c:580:6:processBuffer	32	static
../Core/Src/main.c:640:6:A4988_q1	8	static
../Core/Src/main.c:647:6:A4988_q2	8	static
../Core/Src/main.c:654:6:A4988_q3	8	static
../Core/Src/main.c:661:6:Home	16	static
../Core/Src/main.c:668:6:Home_q2	16	static
../Core/Src/main.c:693:6:Home_q3	16	static
../Core/Src/main.c:717:6:mover_motorq1_rad	32	static
../Core/Src/main.c:755:6:mover_motorq2_mm	32	static
../Core/Src/main.c:789:6:mover_motorq3_mm	40	static
../Core/Src/main.c:833:6:Error_Handler	4	static,ignoring_inline_asm
